To honour the JVM settings for this build a single-use Daemon process will be forked. For more on this, please refer to https://docs.gradle.org/9.7.1/userguide/gradle_daemon.html#sec:disabling_the_daemon in the Gradle documentation.
Daemon will be stopped at the end of the build 
> Task :app:preBuild UP-TO-DATE
> Task :app:preDebugBuild UP-TO-DATE
> Task :app:generateDebugBuildConfig UP-TO-DATE
> Task :app:generateDebugResources UP-TO-DATE
> Task :app:packageDebugResources UP-TO-DATE
> Task :app:processDebugNavigationResources UP-TO-DATE
> Task :app:parseDebugLocalResources UP-TO-DATE
> Task :app:generateDebugRFile UP-TO-DATE
> Task :app:compileDebugKotlin UP-TO-DATE
> Task :app:javaPreCompileDebug UP-TO-DATE
> Task :app:compileDebugJavaWithJavac UP-TO-DATE
> Task :app:checkDebugAarMetadata UP-TO-DATE
> Task :app:mapDebugSourceSetPaths UP-TO-DATE
> Task :app:compileDebugNavigationResources UP-TO-DATE
> Task :app:mergeDebugResources UP-TO-DATE
> Task :app:createDebugCompatibleScreenManifests UP-TO-DATE
> Task :app:extractDeepLinksDebug UP-TO-DATE
> Task :app:processDebugMainManifest UP-TO-DATE
> Task :app:processDebugManifest UP-TO-DATE
> Task :app:processDebugManifestForPackage UP-TO-DATE
> Task :app:processDebugResources UP-TO-DATE
> Task :app:preDebugAndroidTestBuild SKIPPED
> Task :app:extractProguardFiles
> Task :app:bundleDebugClassesToCompileJar
> Task :app:generateDebugLintReportModel
> Task :app:generateDebugAndroidTestLintModel
> Task :app:preDebugUnitTestBuild UP-TO-DATE
> Task :app:generateDebugUnitTestLintModel
> Task :app:lintAnalyzeDebugUnitTest
> Task :app:lintAnalyzeDebugAndroidTest
> Task :app:lintAnalyzeDebug

> Task :app:lintReportDebug
Wrote HTML report to file:///D:/Documents/DSH/YunmeiNew/app/build/reports/lint-results-debug.html
Wrote SARIF report to file:///D:/Documents/DSH/YunmeiNew/app/build/reports/lint-results-debug.sarif
Lint found 5 errors and 74 warnings. First failure:
D:\Documents\DSH\YunmeiNew\app\src\main\java\com\yunmei\client\ui\screen\themesettings\ThemeSettingsMaterial.kt:437: Error: Call requires API level 31 (current min is 26): dynamicDarkColorScheme [NewApi]
        val baseScheme = if (isDark) dynamicDarkColorScheme(context) else dynamicLightColorScheme(context)
                                     ~~~~~~~~~~~~~~~~~~~~~~


> Task :app:lintDebug FAILED
Lint found 5 errors, 74 warnings. First failure:

D:\Documents\DSH\YunmeiNew\app\src\main\java\com\yunmei\client\ui\screen\themesettings\ThemeSettingsMaterial.kt:437: Error: Call requires API level 31 (current min is 26): dynamicDarkColorScheme [NewApi]
        val baseScheme = if (isDark) dynamicDarkColorScheme(context) else dynamicLightColorScheme(context)
                                     ~~~~~~~~~~~~~~~~~~~~~~

The full lint text report is located at:
  D:\Documents\DSH\YunmeiNew\app\build\intermediates\lint_intermediate_text_report\debug\lintReportDebug\lint-results-debug.txt

FAILURE: Build failed with an exception.

* What went wrong:
Execution failed for task ':app:lintDebug' (registered by plugin 'com.android.internal.application').
> Lint found errors in the project; aborting build.
  
  Fix the issues identified by lint, or create a baseline to see only new errors.
  To create a baseline, run `gradlew updateLintBaseline` after adding the following to the module's build.gradle file:
  ```
  android {
      lint {
          baseline = file("lint-baseline.xml")
      }
  }
  ```
  For more details, see https://developer.android.com/studio/write/lint#snapshot
  
  Lint found 5 errors, 74 warnings. First failure:
  
  D:\Documents\DSH\YunmeiNew\app\src\main\java\com\yunmei\client\ui\screen\themesettings\ThemeSettingsMaterial.kt:437: Error: Call requires API level 31 (current min is 26): dynamicDarkColorScheme [NewApi]
          val baseScheme = if (isDark) dynamicDarkColorScheme(context) else dynamicLightColorScheme(context)
                                       ~~~~~~~~~~~~~~~~~~~~~~
  
  The full lint text report is located at:
    D:\Documents\DSH\YunmeiNew\app\build\intermediates\lint_intermediate_text_report\debug\lintReportDebug\lint-results-debug.txt

* Try:
> Run with --stacktrace option to get the stack trace.
> Run with --info or --debug option to get more log output.
> Run with --scan to get full insights from a Build Scan (powered by Develocity).
> Get more help at https://help.gradle.org.

BUILD FAILED in 1m 45s
29 actionable tasks: 10 executed, 19 up-to-date
