To honour the JVM settings for this build a single-use Daemon process will be forked. For more on this, please refer to https://docs.gradle.org/9.7.1/userguide/gradle_daemon.html#sec:disabling_the_daemon in the Gradle documentation.
Daemon will be stopped at the end of the build 
> Task :app:preBuild UP-TO-DATE
> Task :app:preDebugBuild UP-TO-DATE
> Task :app:mergeDebugNativeDebugMetadata NO-SOURCE
> Task :app:generateDebugBuildConfig
> Task :app:generateDebugResources
> Task :app:packageDebugResources
> Task :app:processDebugNavigationResources
> Task :app:generateDebugAssets UP-TO-DATE
> Task :app:javaPreCompileDebug
> Task :app:parseDebugLocalResources
> Task :app:mergeDebugAssets
> Task :app:compressDebugAssets
> Task :app:generateDebugRFile
> Task :app:generateDebugGlobalSynthetics
> Task :app:checkDebugDuplicateClasses
> Task :app:checkDebugAarMetadata
> Task :app:mapDebugSourceSetPaths
> Task :app:mergeLibDexDebug
> Task :app:compileDebugNavigationResources
> Task :app:desugarDebugFileDependencies
> Task :app:mergeDebugResources

> Task :app:compileDebugKotlin
e: file:///D:/Documents/DSH/YunmeiNew/app/src/main/java/com/yunmei/client/ui/screen/themesettings/ThemeSettingsMaterial.kt:118:12 Unresolved reference 'ThemeSettingsUiState'.
e: file:///D:/Documents/DSH/YunmeiNew/app/src/main/java/com/yunmei/client/ui/screen/themesettings/ThemeSettingsMaterial.kt:119:14 Unresolved reference 'ThemeSettingsActions'.
e: file:///D:/Documents/DSH/YunmeiNew/app/src/main/java/com/yunmei/client/ui/screen/themesettings/ThemeSettingsMaterial.kt:122:25 Unresolved reference 'uiState'.
e: file:///D:/Documents/DSH/YunmeiNew/app/src/main/java/com/yunmei/client/ui/screen/themesettings/ThemeSettingsMaterial.kt:123:34 Unresolved reference 'currentColorMode'.
e: file:///D:/Documents/DSH/YunmeiNew/app/src/main/java/com/yunmei/client/ui/screen/themesettings/ThemeSettingsMaterial.kt:125:28 Unresolved reference 'currentPaletteStyle'.
e: file:///D:/Documents/DSH/YunmeiNew/app/src/main/java/com/yunmei/client/ui/screen/themesettings/ThemeSettingsMaterial.kt:126:27 Unresolved reference 'currentColorSpec'.
e: file:///D:/Documents/DSH/YunmeiNew/app/src/main/java/com/yunmei/client/ui/screen/themesettings/ThemeSettingsMaterial.kt:138:43 Unresolved reference 'onBack'.
e: file:///D:/Documents/DSH/YunmeiNew/app/src/main/java/com/yunmei/client/ui/screen/themesettings/ThemeSettingsMaterial.kt:185:37 Unresolved reference 'onSetKeyColor'.
e: file:///D:/Documents/DSH/YunmeiNew/app/src/main/java/com/yunmei/client/ui/screen/themesettings/ThemeSettingsMaterial.kt:198:37 Unresolved reference 'onSetKeyColor'.
e: file:///D:/Documents/DSH/YunmeiNew/app/src/main/java/com/yunmei/client/ui/screen/themesettings/ThemeSettingsMaterial.kt:233:45 Unresolved reference 'onSetColorMode'.
e: file:///D:/Documents/DSH/YunmeiNew/app/src/main/java/com/yunmei/client/ui/screen/themesettings/ThemeSettingsMaterial.kt:267:59 Unresolved reference 'onSetMiuixMonet'.
e: file:///D:/Documents/DSH/YunmeiNew/app/src/main/java/com/yunmei/client/ui/screen/themesettings/ThemeSettingsMaterial.kt:277:59 Unresolved reference 'onSetAmoled'.
e: file:///D:/Documents/DSH/YunmeiNew/app/src/main/java/com/yunmei/client/ui/screen/themesettings/ThemeSettingsMaterial.kt:294:45 Unresolved reference 'onSetColorStyle'.
e: file:///D:/Documents/DSH/YunmeiNew/app/src/main/java/com/yunmei/client/ui/screen/themesettings/ThemeSettingsMaterial.kt:306:45 Unresolved reference 'onSetColorSpec'.
e: file:///D:/Documents/DSH/YunmeiNew/app/src/main/java/com/yunmei/client/ui/screen/themesettings/ThemeSettingsMaterial.kt:323:63 Unresolved reference 'onSetEnablePredictiveBack'.
e: file:///D:/Documents/DSH/YunmeiNew/app/src/main/java/com/yunmei/client/ui/screen/themesettings/ThemeSettingsMaterial.kt:340:59 Unresolved reference 'onSetEnableBlur'.
e: file:///D:/Documents/DSH/YunmeiNew/app/src/main/java/com/yunmei/client/ui/screen/themesettings/ThemeSettingsMaterial.kt:349:59 Unresolved reference 'onSetEnableFloatingBottomBar'.
e: file:///D:/Documents/DSH/YunmeiNew/app/src/main/java/com/yunmei/client/ui/screen/themesettings/ThemeSettingsMaterial.kt:358:59 Unresolved reference 'onSetEnableFloatingBottomBarBlur'.
e: file:///D:/Documents/DSH/YunmeiNew/app/src/main/java/com/yunmei/client/ui/screen/themesettings/ThemeSettingsMaterial.kt:405:63 Unresolved reference 'onSetPageScale'.
e: file:///D:/Documents/DSH/YunmeiNew/app/src/main/java/com/yunmei/client/ui/screen/themesettings/ThemeSettingsMaterial.kt:674:12 Unresolved reference 'ThemeSettingsUiState'.
e: file:///D:/Documents/DSH/YunmeiNew/app/src/main/java/com/yunmei/client/ui/screen/themesettings/ThemeSettingsMaterial.kt:675:14 Unresolved reference 'ThemeSettingsActions'.
e: file:///D:/Documents/DSH/YunmeiNew/app/src/main/java/com/yunmei/client/ui/screen/themesettings/ThemeSettingsMaterial.kt:690:37 Unresolved reference 'settings'.
e: file:///D:/Documents/DSH/YunmeiNew/app/src/main/java/com/yunmei/client/ui/screen/themesettings/ThemeSettingsMaterial.kt:691:47 Unresolved reference 'onSetQuickConnect'.
e: file:///D:/Documents/DSH/YunmeiNew/app/src/main/java/com/yunmei/client/ui/screen/themesettings/ThemeSettingsMaterial.kt:699:37 Unresolved reference 'settings'.
e: file:///D:/Documents/DSH/YunmeiNew/app/src/main/java/com/yunmei/client/ui/screen/themesettings/ThemeSettingsMaterial.kt:700:47 Unresolved reference 'onSetAutoConnect'.
e: file:///D:/Documents/DSH/YunmeiNew/app/src/main/java/com/yunmei/client/ui/screen/themesettings/ThemeSettingsMaterial.kt:708:37 Unresolved reference 'settings'.
e: file:///D:/Documents/DSH/YunmeiNew/app/src/main/java/com/yunmei/client/ui/screen/themesettings/ThemeSettingsMaterial.kt:709:47 Unresolved reference 'onSetAutoExit'.
e: file:///D:/Documents/DSH/YunmeiNew/app/src/main/java/com/yunmei/client/ui/screen/themesettings/ThemeSettingsMaterial.kt:717:37 Unresolved reference 'settings'.
e: file:///D:/Documents/DSH/YunmeiNew/app/src/main/java/com/yunmei/client/ui/screen/themesettings/ThemeSettingsMaterial.kt:718:47 Unresolved reference 'onSetAutoCode'.
e: file:///D:/Documents/DSH/YunmeiNew/app/src/main/java/com/yunmei/client/ui/screen/themesettings/ThemeSettingsMaterial.kt:726:37 Unresolved reference 'settings'.
e: file:///D:/Documents/DSH/YunmeiNew/app/src/main/java/com/yunmei/client/ui/screen/themesettings/ThemeSettingsMaterial.kt:727:47 Unresolved reference 'onSetAlwaysCode'.
e: file:///D:/Documents/DSH/YunmeiNew/app/src/main/java/com/yunmei/client/ui/screen/themesettings/ThemeSettingsMaterial.kt:734:37 Unresolved reference 'settings'.
e: file:///D:/Documents/DSH/YunmeiNew/app/src/main/java/com/yunmei/client/ui/screen/themesettings/ThemeSettingsMaterial.kt:735:47 Unresolved reference 'onSetHideSign'.
e: file:///D:/Documents/DSH/YunmeiNew/app/src/main/java/com/yunmei/client/ui/screen/themesettings/ThemeSettingsMaterial.kt:742:37 Unresolved reference 'settings'.
e: file:///D:/Documents/DSH/YunmeiNew/app/src/main/java/com/yunmei/client/ui/screen/themesettings/ThemeSettingsMaterial.kt:743:47 Unresolved reference 'onSetHideCode'.
e: file:///D:/Documents/DSH/YunmeiNew/app/src/main/java/com/yunmei/client/ui/screen/themesettings/ThemeSettingsMaterial.kt:750:37 Unresolved reference 'settings'.
e: file:///D:/Documents/DSH/YunmeiNew/app/src/main/java/com/yunmei/client/ui/screen/themesettings/ThemeSettingsMaterial.kt:751:47 Unresolved reference 'onSetForceOrientation'.
e: file:///D:/Documents/DSH/YunmeiNew/app/src/main/java/com/yunmei/client/ui/screen/themesettings/ThemeSettingsMaterial.kt:759:37 Unresolved reference 'settings'.
e: file:///D:/Documents/DSH/YunmeiNew/app/src/main/java/com/yunmei/client/ui/screen/themesettings/ThemeSettingsMaterial.kt:760:47 Unresolved reference 'onSetAttemptUpload'.
e: file:///D:/Documents/DSH/YunmeiNew/app/src/main/java/com/yunmei/client/ui/screen/themesettings/ThemeSettingsMaterial.kt:763:23 Unresolved reference 'settings'.
e: file:///D:/Documents/DSH/YunmeiNew/app/src/main/java/com/yunmei/client/ui/screen/themesettings/ThemeSettingsMaterial.kt:767:39 Unresolved reference 'recordObjectText'.
e: file:///D:/Documents/DSH/YunmeiNew/app/src/main/java/com/yunmei/client/ui/screen/themesettings/ThemeSettingsMaterial.kt:768:49 Unresolved reference 'onRecordObjectTextChange'.
e: file:///D:/Documents/DSH/YunmeiNew/app/src/main/java/com/yunmei/client/ui/screen/themesettings/ThemeSettingsMaterial.kt:775:43 Unresolved reference 'onSaveRecordObject'.
e: file:///D:/Documents/DSH/YunmeiNew/app/src/main/java/com/yunmei/client/ui/screen/themesettings/ThemeSettingsMaterial.kt:786:49 Unresolved reference 'settings'.
e: file:///D:/Documents/DSH/YunmeiNew/app/src/main/java/com/yunmei/client/ui/screen/themesettings/ThemeSettingsMaterial.kt:791:46 Unresolved reference 'onSetSignLocationMode'.
e: file:///D:/Documents/DSH/YunmeiNew/app/src/main/java/com/yunmei/client/ui/screen/themesettings/ThemeSettingsMiuix.kt:103:12 Unresolved reference 'ThemeSettingsUiState'.
e: file:///D:/Documents/DSH/YunmeiNew/app/src/main/java/com/yunmei/client/ui/screen/themesettings/ThemeSettingsMiuix.kt:104:14 Unresolved reference 'ThemeSettingsActions'.
e: file:///D:/Documents/DSH/YunmeiNew/app/src/main/java/com/yunmei/client/ui/screen/themesettings/ThemeSettingsMiuix.kt:111:25 Unresolved reference 'uiState'.
e: file:///D:/Documents/DSH/YunmeiNew/app/src/main/java/com/yunmei/client/ui/screen/themesettings/ThemeSettingsMiuix.kt:112:34 Unresolved reference 'currentColorMode'.
e: file:///D:/Documents/DSH/YunmeiNew/app/src/main/java/com/yunmei/client/ui/screen/themesettings/ThemeSettingsMiuix.kt:123:47 Unresolved reference 'onBack'.
e: file:///D:/Documents/DSH/YunmeiNew/app/src/main/java/com/yunmei/client/ui/screen/themesettings/ThemeSettingsMiuix.kt:164:46 Unresolved reference 'currentPaletteStyle'.
e: file:///D:/Documents/DSH/YunmeiNew/app/src/main/java/com/yunmei/client/ui/screen/themesettings/ThemeSettingsMiuix.kt:165:43 Unresolved reference 'currentColorSpec'.
e: file:///D:/Documents/DSH/YunmeiNew/app/src/main/java/com/yunmei/client/ui/screen/themesettings/ThemeSettingsMiuix.kt:178:37 Unresolved reference 'onSetThemeMode'.
e: file:///D:/Documents/DSH/YunmeiNew/app/src/main/java/com/yunmei/client/ui/screen/themesettings/ThemeSettingsMiuix.kt:200:41 Unresolved reference 'onSetMiuixMonet'.
e: file:///D:/Documents/DSH/YunmeiNew/app/src/main/java/com/yunmei/client/ui/screen/themesettings/ThemeSettingsMiuix.kt:240:49 Unresolved reference 'onSetKeyColor'.
e: file:///D:/Documents/DSH/YunmeiNew/app/src/main/java/com/yunmei/client/ui/screen/themesettings/ThemeSettingsMiuix.kt:262:57 Unresolved reference 'onSetColorStyle'.
e: file:///D:/Documents/DSH/YunmeiNew/app/src/main/java/com/yunmei/client/ui/screen/themesettings/ThemeSettingsMiuix.kt:280:57 Unresolved reference 'onSetColorSpec'.
e: file:///D:/Documents/DSH/YunmeiNew/app/src/main/java/com/yunmei/client/ui/screen/themesettings/ThemeSettingsMiuix.kt:308:41 Unresolved reference 'onSetAmoled'.
e: file:///D:/Documents/DSH/YunmeiNew/app/src/main/java/com/yunmei/client/ui/screen/themesettings/ThemeSettingsMiuix.kt:332:45 Unresolved reference 'onSetEnableBlur'.
e: file:///D:/Documents/DSH/YunmeiNew/app/src/main/java/com/yunmei/client/ui/screen/themesettings/ThemeSettingsMiuix.kt:349:41 Unresolved reference 'onSetEnableFloatingBottomBar'.
e: file:///D:/Documents/DSH/YunmeiNew/app/src/main/java/com/yunmei/client/ui/screen/themesettings/ThemeSettingsMiuix.kt:366:45 Unresolved reference 'onSetEnableFloatingBottomBarBlur'.
e: file:///D:/Documents/DSH/YunmeiNew/app/src/main/java/com/yunmei/client/ui/screen/themesettings/ThemeSettingsMiuix.kt:391:45 Unresolved reference 'onSetEnablePredictiveBack'.
e: file:///D:/Documents/DSH/YunmeiNew/app/src/main/java/com/yunmei/client/ui/screen/themesettings/ThemeSettingsMiuix.kt:423:49 Unresolved reference 'onSetPageScale'.
e: file:///D:/Documents/DSH/YunmeiNew/app/src/main/java/com/yunmei/client/ui/screen/themesettings/ThemeSettingsMiuix.kt:438:41 Unresolved reference 'onSetPageScale'.
e: file:///D:/Documents/DSH/YunmeiNew/app/src/main/java/com/yunmei/client/ui/screen/themesettings/ThemeSettingsMiuix.kt:635:12 Unresolved reference 'ThemeSettingsUiState'.
e: file:///D:/Documents/DSH/YunmeiNew/app/src/main/java/com/yunmei/client/ui/screen/themesettings/ThemeSettingsMiuix.kt:636:14 Unresolved reference 'ThemeSettingsActions'.
e: file:///D:/Documents/DSH/YunmeiNew/app/src/main/java/com/yunmei/client/ui/screen/themesettings/ThemeSettingsMiuix.kt:659:29 Unresolved reference 'settings'.
e: file:///D:/Documents/DSH/YunmeiNew/app/src/main/java/com/yunmei/client/ui/screen/themesettings/ThemeSettingsMiuix.kt:660:39 Unresolved reference 'onSetQuickConnect'.
e: file:///D:/Documents/DSH/YunmeiNew/app/src/main/java/com/yunmei/client/ui/screen/themesettings/ThemeSettingsMiuix.kt:673:29 Unresolved reference 'settings'.
e: file:///D:/Documents/DSH/YunmeiNew/app/src/main/java/com/yunmei/client/ui/screen/themesettings/ThemeSettingsMiuix.kt:674:39 Unresolved reference 'onSetAutoConnect'.
e: file:///D:/Documents/DSH/YunmeiNew/app/src/main/java/com/yunmei/client/ui/screen/themesettings/ThemeSettingsMiuix.kt:687:29 Unresolved reference 'settings'.
e: file:///D:/Documents/DSH/YunmeiNew/app/src/main/java/com/yunmei/client/ui/screen/themesettings/ThemeSettingsMiuix.kt:688:39 Unresolved reference 'onSetAutoExit'.
e: file:///D:/Documents/DSH/YunmeiNew/app/src/main/java/com/yunmei/client/ui/screen/themesettings/ThemeSettingsMiuix.kt:701:29 Unresolved reference 'settings'.
e: file:///D:/Documents/DSH/YunmeiNew/app/src/main/java/com/yunmei/client/ui/screen/themesettings/ThemeSettingsMiuix.kt:702:39 Unresolved reference 'onSetAutoCode'.
e: file:///D:/Documents/DSH/YunmeiNew/app/src/main/java/com/yunmei/client/ui/screen/themesettings/ThemeSettingsMiuix.kt:715:29 Unresolved reference 'settings'.
e: file:///D:/Documents/DSH/YunmeiNew/app/src/main/java/com/yunmei/client/ui/screen/themesettings/ThemeSettingsMiuix.kt:716:39 Unresolved reference 'onSetAlwaysCode'.
e: file:///D:/Documents/DSH/YunmeiNew/app/src/main/java/com/yunmei/client/ui/screen/themesettings/ThemeSettingsMiuix.kt:728:29 Unresolved reference 'settings'.
e: file:///D:/Documents/DSH/YunmeiNew/app/src/main/java/com/yunmei/client/ui/screen/themesettings/ThemeSettingsMiuix.kt:729:39 Unresolved reference 'onSetHideSign'.
e: file:///D:/Documents/DSH/YunmeiNew/app/src/main/java/com/yunmei/client/ui/screen/themesettings/ThemeSettingsMiuix.kt:741:29 Unresolved reference 'settings'.
e: file:///D:/Documents/DSH/YunmeiNew/app/src/main/java/com/yunmei/client/ui/screen/themesettings/ThemeSettingsMiuix.kt:742:39 Unresolved reference 'onSetHideCode'.
e: file:///D:/Documents/DSH/YunmeiNew/app/src/main/java/com/yunmei/client/ui/screen/themesettings/ThemeSettingsMiuix.kt:754:29 Unresolved reference 'settings'.
e: file:///D:/Documents/DSH/YunmeiNew/app/src/main/java/com/yunmei/client/ui/screen/themesettings/ThemeSettingsMiuix.kt:755:39 Unresolved reference 'onSetForceOrientation'.
e: file:///D:/Documents/DSH/YunmeiNew/app/src/main/java/com/yunmei/client/ui/screen/themesettings/ThemeSettingsMiuix.kt:768:29 Unresolved reference 'settings'.
e: file:///D:/Documents/DSH/YunmeiNew/app/src/main/java/com/yunmei/client/ui/screen/themesettings/ThemeSettingsMiuix.kt:769:39 Unresolved reference 'onSetAttemptUpload'.
e: file:///D:/Documents/DSH/YunmeiNew/app/src/main/java/com/yunmei/client/ui/screen/themesettings/ThemeSettingsMiuix.kt:771:19 Unresolved reference 'settings'.
e: file:///D:/Documents/DSH/YunmeiNew/app/src/main/java/com/yunmei/client/ui/screen/themesettings/ThemeSettingsMiuix.kt:774:31 Unresolved reference 'recordObjectText'.
e: file:///D:/Documents/DSH/YunmeiNew/app/src/main/java/com/yunmei/client/ui/screen/themesettings/ThemeSettingsMiuix.kt:775:41 Unresolved reference 'onRecordObjectTextChange'.
e: file:///D:/Documents/DSH/YunmeiNew/app/src/main/java/com/yunmei/client/ui/screen/themesettings/ThemeSettingsMiuix.kt:788:35 Unresolved reference 'onSaveRecordObject'.
e: file:///D:/Documents/DSH/YunmeiNew/app/src/main/java/com/yunmei/client/ui/screen/themesettings/ThemeSettingsMiuix.kt:802:41 Unresolved reference 'settings'.
e: file:///D:/Documents/DSH/YunmeiNew/app/src/main/java/com/yunmei/client/ui/screen/themesettings/ThemeSettingsMiuix.kt:807:45 Unresolved reference 'onSetSignLocationMode'.
e: file:///D:/Documents/DSH/YunmeiNew/app/src/main/java/com/yunmei/client/ui/screen/themesettings/ThemeSettingsScreen.kt:166:25 Unresolved reference 'ThemeSettingsMiuix'.
e: file:///D:/Documents/DSH/YunmeiNew/app/src/main/java/com/yunmei/client/ui/screen/themesettings/ThemeSettingsScreen.kt:167:28 Unresolved reference 'ThemeSettingsMaterial'.

> Task :app:compileDebugKotlin FAILED
> Task :app:mergeExtDexDebug

[Incubating] Problems report is available at: file:///D:/Documents/DSH/YunmeiNew/build/reports/problems/problems-report.html

FAILURE: Build failed with an exception.

* What went wrong:
Execution failed for task ':app:compileDebugKotlin' (registered by plugin 'com.android.internal.application').
> A failure occurred while executing org.jetbrains.kotlin.compilerRunner.btapi.BuildToolsApiCompilationWork
   > Compilation error. See log for more details

* Try:
> Run with --stacktrace option to get the stack trace.
> Run with --info or --debug option to get more log output.
> Run with --scan to get full insights from a Build Scan (powered by Develocity).
> Get more help at https://help.gradle.org.

BUILD FAILED in 1m 21s
19 actionable tasks: 19 executed
