To honour the JVM settings for this build a single-use Daemon process will be forked. For more on this, please refer to https://docs.gradle.org/9.7.1/userguide/gradle_daemon.html#sec:disabling_the_daemon in the Gradle documentation.
Daemon will be stopped at the end of the build 
> Task :app:preBuild UP-TO-DATE
> Task :app:preDebugBuild UP-TO-DATE
> Task :app:mergeDebugNativeDebugMetadata NO-SOURCE
> Task :app:generateDebugBuildConfig UP-TO-DATE
> Task :app:generateDebugResources UP-TO-DATE
> Task :app:packageDebugResources UP-TO-DATE
> Task :app:processDebugNavigationResources UP-TO-DATE
> Task :app:parseDebugLocalResources UP-TO-DATE
> Task :app:generateDebugRFile UP-TO-DATE
> Task :app:javaPreCompileDebug UP-TO-DATE
> Task :app:generateDebugAssets UP-TO-DATE
> Task :app:mergeDebugAssets UP-TO-DATE
> Task :app:compressDebugAssets UP-TO-DATE
> Task :app:generateDebugGlobalSynthetics UP-TO-DATE
> Task :app:checkDebugDuplicateClasses UP-TO-DATE
> Task :app:desugarDebugFileDependencies UP-TO-DATE
> Task :app:mergeExtDexDebug UP-TO-DATE
> Task :app:mergeLibDexDebug UP-TO-DATE
> Task :app:checkDebugAarMetadata UP-TO-DATE
> Task :app:mapDebugSourceSetPaths UP-TO-DATE
> Task :app:compileDebugNavigationResources UP-TO-DATE
> Task :app:mergeDebugResources UP-TO-DATE
> Task :app:createDebugCompatibleScreenManifests
> Task :app:extractDeepLinksDebug
> Task :app:processDebugMainManifest
> Task :app:processDebugManifest
> Task :app:mergeDebugJniLibFolders
> Task :app:processDebugManifestForPackage
> Task :app:mergeDebugNativeLibs

> Task :app:stripDebugDebugSymbols
Unable to strip the following libraries, packaging them as they are: libandroidx.graphics.path.so, libdatastore_shared_counter.so. Run with --info option to learn more.

> Task :app:validateSigningDebug
> Task :app:writeDebugAppMetadata
> Task :app:writeDebugSigningConfigVersions
> Task :app:processDebugResources

> Task :app:compileDebugKotlin
w: file:///D:/Documents/DSH/YunmeiNew/app/src/main/java/com/yunmei/client/data/ble/UnlockManager.kt:45:40 'static fun getDefaultAdapter(): BluetoothAdapter!' is deprecated. Deprecated in Java.
w: file:///D:/Documents/DSH/YunmeiNew/app/src/main/java/com/yunmei/client/data/local/SecureStore.kt:25:25 'class MasterKey : Any' is deprecated. Deprecated in Java.
w: file:///D:/Documents/DSH/YunmeiNew/app/src/main/java/com/yunmei/client/data/local/SecureStore.kt:25:35 'constructor(p0: Context): MasterKey.Builder' is deprecated. Deprecated in Java.
w: file:///D:/Documents/DSH/YunmeiNew/app/src/main/java/com/yunmei/client/data/local/SecureStore.kt:26:27 'class MasterKey : Any' is deprecated. Deprecated in Java.
w: file:///D:/Documents/DSH/YunmeiNew/app/src/main/java/com/yunmei/client/data/local/SecureStore.kt:26:37 'enum class KeyScheme : Enum<MasterKey.KeyScheme!>' is deprecated. Deprecated in Java.
w: file:///D:/Documents/DSH/YunmeiNew/app/src/main/java/com/yunmei/client/data/local/SecureStore.kt:28:9 'class EncryptedSharedPreferences : Any, SharedPreferences' is deprecated. Deprecated in Java.
w: file:///D:/Documents/DSH/YunmeiNew/app/src/main/java/com/yunmei/client/data/local/SecureStore.kt:32:13 'class EncryptedSharedPreferences : Any, SharedPreferences' is deprecated. Deprecated in Java.
w: file:///D:/Documents/DSH/YunmeiNew/app/src/main/java/com/yunmei/client/data/local/SecureStore.kt:32:40 'enum class PrefKeyEncryptionScheme : Enum<EncryptedSharedPreferences.PrefKeyEncryptionScheme!>' is deprecated. Deprecated in Java.
w: file:///D:/Documents/DSH/YunmeiNew/app/src/main/java/com/yunmei/client/data/local/SecureStore.kt:33:13 'class EncryptedSharedPreferences : Any, SharedPreferences' is deprecated. Deprecated in Java.
w: file:///D:/Documents/DSH/YunmeiNew/app/src/main/java/com/yunmei/client/data/local/SecureStore.kt:33:40 'enum class PrefValueEncryptionScheme : Enum<EncryptedSharedPreferences.PrefValueEncryptionScheme!>' is deprecated. Deprecated in Java.
w: file:///D:/Documents/DSH/YunmeiNew/app/src/main/java/com/yunmei/client/data/repository/YunMeiRepository.kt:33:69 Unnecessary safe call on a non-null receiver of type 'LoginUser'.
w: file:///D:/Documents/DSH/YunmeiNew/app/src/main/java/com/yunmei/client/data/repository/YunMeiRepository.kt:36:29 Elvis operator (?:) always returns the left operand of non-nullable type 'LoginUser'.
w: file:///D:/Documents/DSH/YunmeiNew/app/src/main/java/com/yunmei/client/ui/component/material/SettingsItem.kt:27:5 'fun ListItem(headlineContent: ComposableFunction0<Unit>, modifier: Modifier = ..., overlineContent: ComposableFunction0<Unit>? = ..., supportingContent: ComposableFunction0<Unit>? = ..., leadingContent: ComposableFunction0<Unit>? = ..., trailingContent: ComposableFunction0<Unit>? = ..., colors: ListItemColors = ..., tonalElevation: Dp = ..., shadowElevation: Dp = ...): Unit' is deprecated. Use the overload where `headlineContent` is now a trailing `content` lambda.
w: file:///D:/Documents/DSH/YunmeiNew/app/src/main/java/com/yunmei/client/ui/screen/locks/LocksMaterial.kt:123:66 'val Icons.Filled.Login: ImageVector' is deprecated. Use the AutoMirrored version at Icons.AutoMirrored.Filled.Login.
w: file:///D:/Documents/DSH/YunmeiNew/app/src/main/java/com/yunmei/client/ui/screen/locks/LocksMiuix.kt:136:73 'val Icons.Rounded.Login: ImageVector' is deprecated. Use the AutoMirrored version at Icons.AutoMirrored.Rounded.Login.
w: file:///D:/Documents/DSH/YunmeiNew/app/src/main/java/com/yunmei/client/ui/screen/login/LoginMaterial.kt:248:62 'val Icons.Filled.Login: ImageVector' is deprecated. Use the AutoMirrored version at Icons.AutoMirrored.Filled.Login.
w: file:///D:/Documents/DSH/YunmeiNew/app/src/main/java/com/yunmei/client/ui/screen/login/LoginMiuix.kt:235:55 'val Icons.Rounded.Login: ImageVector' is deprecated. Use the AutoMirrored version at Icons.AutoMirrored.Rounded.Login.
w: file:///D:/Documents/DSH/YunmeiNew/app/src/main/java/com/yunmei/client/ui/screen/settings/SettingsMaterial.kt:101:66 'val Icons.Filled.Login: ImageVector' is deprecated. Use the AutoMirrored version at Icons.AutoMirrored.Filled.Login.
w: file:///D:/Documents/DSH/YunmeiNew/app/src/main/java/com/yunmei/client/ui/screen/settings/SettingsMiuix.kt:126:51 'val Icons.Rounded.Login: ImageVector' is deprecated. Use the AutoMirrored version at Icons.AutoMirrored.Rounded.Login.
w: file:///D:/Documents/DSH/YunmeiNew/app/src/main/java/com/yunmei/client/ui/screen/themesettings/ThemeSettingsMaterial.kt:705:41 'val Icons.Filled.ExitToApp: ImageVector' is deprecated. Use the AutoMirrored version at Icons.AutoMirrored.Filled.ExitToApp.
w: file:///D:/Documents/DSH/YunmeiNew/app/src/main/java/com/yunmei/client/ui/screen/themesettings/ThemeSettingsMiuix.kt:681:35 'val Icons.Rounded.ExitToApp: ImageVector' is deprecated. Use the AutoMirrored version at Icons.AutoMirrored.Rounded.ExitToApp.

> Task :app:compileDebugJavaWithJavac
> Task :app:processDebugJavaRes
> Task :app:mergeDebugJavaResource
> Task :app:dexBuilderDebug
> Task :app:mergeProjectDexDebug
> Task :app:packageDebug
> Task :app:createDebugApkListingFileRedirect
> Task :app:assembleDebug

[Incubating] Problems report is available at: file:///D:/Documents/DSH/YunmeiNew/build/reports/problems/problems-report.html

BUILD SUCCESSFUL in 28s
38 actionable tasks: 20 executed, 18 up-to-date
Consider enabling configuration cache to speed up this build: https://docs.gradle.org/9.7.1/userguide/configuration_cache_enabling.html
